Analysis & Synthesis report for Morpion
Mon May 10 15:36:33 2021
Quartus Prime Version 20.1.0 Build 711 06/05/2020 SJ Lite Edition


---------------------
; Table of Contents ;
---------------------
  1. Legal Notice
  2. Analysis & Synthesis Summary
  3. Analysis & Synthesis Settings
  4. Parallel Compilation
  5. Analysis & Synthesis Source Files Read
  6. Analysis & Synthesis Resource Usage Summary
  7. Analysis & Synthesis Resource Utilization by Entity
  8. User-Specified and Inferred Latches
  9. General Register Statistics
 10. Inverted Register Statistics
 11. Multiplexer Restructuring Statistics (Restructuring Performed)
 12. Analysis & Synthesis Messages



----------------
; Legal Notice ;
----------------
Copyright (C) 2020  Intel Corporation. All rights reserved.
Your use of Intel Corporation's design tools, logic functions 
and other software and tools, and any partner logic 
functions, and any output files from any of the foregoing 
(including device programming or simulation files), and any 
associated documentation or information are expressly subject 
to the terms and conditions of the Intel Program License 
Subscription Agreement, the Intel Quartus Prime License Agreement,
the Intel FPGA IP License Agreement, or other applicable license
agreement, including, without limitation, that your use is for
the sole purpose of programming logic devices manufactured by
Intel and sold by Intel or its authorized distributors.  Please
refer to the applicable agreement for further details, at
https://fpgasoftware.intel.com/eula.



+---------------------------------------------------------------------------+
; Analysis & Synthesis Summary                                              ;
+-----------------------------+---------------------------------------------+
; Analysis & Synthesis Status ; Successful - Mon May 10 15:36:33 2021       ;
; Quartus Prime Version       ; 20.1.0 Build 711 06/05/2020 SJ Lite Edition ;
; Revision Name               ; Morpion                                     ;
; Top-level Entity Name       ; morpion                                     ;
; Family                      ; MAX V                                       ;
; Total logic elements        ; 116                                         ;
; Total pins                  ; 24                                          ;
; Total virtual pins          ; 0                                           ;
; UFM blocks                  ; 0 / 1 ( 0 % )                               ;
+-----------------------------+---------------------------------------------+


+------------------------------------------------------------------------------------------------------------+
; Analysis & Synthesis Settings                                                                              ;
+------------------------------------------------------------------+--------------------+--------------------+
; Option                                                           ; Setting            ; Default Value      ;
+------------------------------------------------------------------+--------------------+--------------------+
; Device                                                           ; 5M160ZE64C4        ;                    ;
; Top-level entity name                                            ; Morpion            ; Morpion            ;
; Family name                                                      ; MAX V              ; Cyclone V          ;
; Use smart compilation                                            ; Off                ; Off                ;
; Enable parallel Assembler and Timing Analyzer during compilation ; On                 ; On                 ;
; Enable compact report table                                      ; Off                ; Off                ;
; Restructure Multiplexers                                         ; Auto               ; Auto               ;
; Create Debugging Nodes for IP Cores                              ; Off                ; Off                ;
; Preserve fewer node names                                        ; On                 ; On                 ;
; Intel FPGA IP Evaluation Mode                                    ; Enable             ; Enable             ;
; Verilog Version                                                  ; Verilog_2001       ; Verilog_2001       ;
; VHDL Version                                                     ; VHDL_1993          ; VHDL_1993          ;
; State Machine Processing                                         ; Auto               ; Auto               ;
; Safe State Machine                                               ; Off                ; Off                ;
; Extract Verilog State Machines                                   ; On                 ; On                 ;
; Extract VHDL State Machines                                      ; On                 ; On                 ;
; Ignore Verilog initial constructs                                ; Off                ; Off                ;
; Iteration limit for constant Verilog loops                       ; 5000               ; 5000               ;
; Iteration limit for non-constant Verilog loops                   ; 250                ; 250                ;
; Add Pass-Through Logic to Inferred RAMs                          ; On                 ; On                 ;
; Infer RAMs from Raw Logic                                        ; On                 ; On                 ;
; Parallel Synthesis                                               ; On                 ; On                 ;
; NOT Gate Push-Back                                               ; On                 ; On                 ;
; Power-Up Don't Care                                              ; On                 ; On                 ;
; Remove Redundant Logic Cells                                     ; Off                ; Off                ;
; Remove Duplicate Registers                                       ; On                 ; On                 ;
; Ignore CARRY Buffers                                             ; Off                ; Off                ;
; Ignore CASCADE Buffers                                           ; Off                ; Off                ;
; Ignore GLOBAL Buffers                                            ; Off                ; Off                ;
; Ignore ROW GLOBAL Buffers                                        ; Off                ; Off                ;
; Ignore LCELL Buffers                                             ; Off                ; Off                ;
; Ignore SOFT Buffers                                              ; On                 ; On                 ;
; Limit AHDL Integers to 32 Bits                                   ; Off                ; Off                ;
; Optimization Technique                                           ; Balanced           ; Balanced           ;
; Carry Chain Length                                               ; 70                 ; 70                 ;
; Auto Carry Chains                                                ; On                 ; On                 ;
; Auto Open-Drain Pins                                             ; On                 ; On                 ;
; Perform WYSIWYG Primitive Resynthesis                            ; Off                ; Off                ;
; Auto Shift Register Replacement                                  ; Auto               ; Auto               ;
; Allow Shift Register Merging across Hierarchies                  ; Auto               ; Auto               ;
; Auto Clock Enable Replacement                                    ; On                 ; On                 ;
; Allow Synchronous Control Signals                                ; On                 ; On                 ;
; Force Use of Synchronous Clear Signals                           ; Off                ; Off                ;
; Auto Resource Sharing                                            ; Off                ; Off                ;
; Use LogicLock Constraints during Resource Balancing              ; On                 ; On                 ;
; Ignore translate_off and synthesis_off directives                ; Off                ; Off                ;
; Report Parameter Settings                                        ; On                 ; On                 ;
; Report Source Assignments                                        ; On                 ; On                 ;
; Report Connectivity Checks                                       ; On                 ; On                 ;
; Ignore Maximum Fan-Out Assignments                               ; Off                ; Off                ;
; Synchronization Register Chain Length                            ; 2                  ; 2                  ;
; Power Optimization During Synthesis                              ; Normal compilation ; Normal compilation ;
; HDL message level                                                ; Level2             ; Level2             ;
; Suppress Register Optimization Related Messages                  ; Off                ; Off                ;
; Number of Removed Registers Reported in Synthesis Report         ; 5000               ; 5000               ;
; Number of Swept Nodes Reported in Synthesis Report               ; 5000               ; 5000               ;
; Number of Inverted Registers Reported in Synthesis Report        ; 100                ; 100                ;
; Clock MUX Protection                                             ; On                 ; On                 ;
; Block Design Naming                                              ; Auto               ; Auto               ;
; Synthesis Effort                                                 ; Auto               ; Auto               ;
; Shift Register Replacement - Allow Asynchronous Clear Signal     ; On                 ; On                 ;
; Analysis & Synthesis Message Level                               ; Medium             ; Medium             ;
; Disable Register Merging Across Hierarchies                      ; Auto               ; Auto               ;
+------------------------------------------------------------------+--------------------+--------------------+


+------------------------------------------+
; Parallel Compilation                     ;
+----------------------------+-------------+
; Processors                 ; Number      ;
+----------------------------+-------------+
; Number detected on machine ; 8           ;
; Maximum allowed            ; 4           ;
;                            ;             ;
; Average used               ; 1.00        ;
; Maximum used               ; 1           ;
;                            ;             ;
; Usage by Processor         ; % Time Used ;
;     Processor 1            ; 100.0%      ;
+----------------------------+-------------+


+-----------------------------------------------------------------------------------------------------------------------------------------------------------+
; Analysis & Synthesis Source Files Read                                                                                                                    ;
+----------------------------------+-----------------+-----------------+--------------------------------------------------------------------------+---------+
; File Name with User-Entered Path ; Used in Netlist ; File Type       ; File Name with Absolute Path                                             ; Library ;
+----------------------------------+-----------------+-----------------+--------------------------------------------------------------------------+---------+
; Morpion.vhd                      ; yes             ; User VHDL File  ; D:/OneDrive/Documents/Inge_bac_2/Digital Elec/Projet/Morpion/Morpion.vhd ;         ;
+----------------------------------+-----------------+-----------------+--------------------------------------------------------------------------+---------+


+-----------------------------------------------------+
; Analysis & Synthesis Resource Usage Summary         ;
+---------------------------------------------+-------+
; Resource                                    ; Usage ;
+---------------------------------------------+-------+
; Total logic elements                        ; 116   ;
;     -- Combinational with no register       ; 75    ;
;     -- Register only                        ; 11    ;
;     -- Combinational with a register        ; 30    ;
;                                             ;       ;
; Logic element usage by number of LUT inputs ;       ;
;     -- 4 input functions                    ; 47    ;
;     -- 3 input functions                    ; 42    ;
;     -- 2 input functions                    ; 13    ;
;     -- 1 input functions                    ; 3     ;
;     -- 0 input functions                    ; 0     ;
;                                             ;       ;
; Logic elements by mode                      ;       ;
;     -- normal mode                          ; 108   ;
;     -- arithmetic mode                      ; 8     ;
;     -- qfbk mode                            ; 0     ;
;     -- register cascade mode                ; 0     ;
;     -- synchronous clear/load mode          ; 0     ;
;     -- asynchronous clear/load mode         ; 0     ;
;                                             ;       ;
; Total registers                             ; 41    ;
; Total logic cells in carry chains           ; 9     ;
; I/O pins                                    ; 24    ;
; Maximum fan-out node                        ; clk   ;
; Maximum fan-out                             ; 41    ;
; Total fan-out                               ; 423   ;
; Average fan-out                             ; 3.02  ;
+---------------------------------------------+-------+


+------------------------------------------------------------------------------------------------------------------------------------------------------------------------------------------------------------------------------------+
; Analysis & Synthesis Resource Utilization by Entity                                                                                                                                                                                ;
+----------------------------+-------------+--------------+------------+------+--------------+--------------+-------------------+------------------+-----------------+------------+---------------------+-------------+--------------+
; Compilation Hierarchy Node ; Logic Cells ; LC Registers ; UFM Blocks ; Pins ; Virtual Pins ; LUT-Only LCs ; Register-Only LCs ; LUT/Register LCs ; Carry Chain LCs ; Packed LCs ; Full Hierarchy Name ; Entity Name ; Library Name ;
+----------------------------+-------------+--------------+------------+------+--------------+--------------+-------------------+------------------+-----------------+------------+---------------------+-------------+--------------+
; |morpion                   ; 116 (116)   ; 41           ; 0          ; 24   ; 0            ; 75 (75)      ; 11 (11)           ; 30 (30)          ; 9 (9)           ; 0 (0)      ; |morpion            ; morpion     ; work         ;
+----------------------------+-------------+--------------+------------+------+--------------+--------------+-------------------+------------------+-----------------+------------+---------------------+-------------+--------------+
Note: For table entries with two numbers listed, the numbers in parentheses indicate the number of resources of the given type used by the specific entity alone. The numbers listed outside of parentheses indicate the total resources of the given type used by the specific entity and all of its sub-entities in the hierarchy.


+---------------------------------------------------------------------------------------------------+
; User-Specified and Inferred Latches                                                               ;
+----------------------------------------------------+---------------------+------------------------+
; Latch Name                                         ; Latch Enable Signal ; Free of Timing Hazards ;
+----------------------------------------------------+---------------------+------------------------+
; green_led$latch                                    ; GND                 ; yes                    ;
; red_led$latch                                      ; GND                 ; yes                    ;
; Number of user-specified and inferred latches = 2  ;                     ;                        ;
+----------------------------------------------------+---------------------+------------------------+
Note: All latches listed above may not be present at the end of synthesis due to various synthesis optimizations.


+------------------------------------------------------+
; General Register Statistics                          ;
+----------------------------------------------+-------+
; Statistic                                    ; Value ;
+----------------------------------------------+-------+
; Total registers                              ; 41    ;
; Number of registers using Synchronous Clear  ; 0     ;
; Number of registers using Synchronous Load   ; 0     ;
; Number of registers using Asynchronous Clear ; 0     ;
; Number of registers using Asynchronous Load  ; 0     ;
; Number of registers using Clock Enable       ; 9     ;
; Number of registers using Preset             ; 0     ;
+----------------------------------------------+-------+


+---------------------------------------------------+
; Inverted Register Statistics                      ;
+-----------------------------------------+---------+
; Inverted Register                       ; Fan out ;
+-----------------------------------------+---------+
; row_count[0]                            ; 19      ;
; playerCol[2]                            ; 9       ;
; playerRow[1]                            ; 15      ;
; playerRow[0]                            ; 16      ;
; colr3[4]                                ; 3       ;
; colr4[4]                                ; 3       ;
; colr5[4]                                ; 3       ;
; colr3[3]                                ; 3       ;
; colr4[3]                                ; 3       ;
; colr5[3]                                ; 3       ;
; colr3[2]                                ; 3       ;
; colr4[2]                                ; 3       ;
; colr5[2]                                ; 3       ;
; colg3[4]                                ; 3       ;
; colg4[4]                                ; 3       ;
; colg5[4]                                ; 3       ;
; colg3[3]                                ; 3       ;
; colg4[3]                                ; 3       ;
; colg5[3]                                ; 3       ;
; colg3[2]                                ; 3       ;
; colg4[2]                                ; 3       ;
; colg5[2]                                ; 3       ;
; player[0]                               ; 7       ;
; Total number of inverted registers = 23 ;         ;
+-----------------------------------------+---------+


+------------------------------------------------------------------------------------------------------------------------------------------+
; Multiplexer Restructuring Statistics (Restructuring Performed)                                                                           ;
+--------------------+-----------+---------------+----------------------+------------------------+------------+----------------------------+
; Multiplexer Inputs ; Bus Width ; Baseline Area ; Area if Restructured ; Saving if Restructured ; Registered ; Example Multiplexer Output ;
+--------------------+-----------+---------------+----------------------+------------------------+------------+----------------------------+
; 4:1                ; 3 bits    ; 6 LEs         ; 0 LEs                ; 6 LEs                  ; Yes        ; |morpion|colg5[2]          ;
; 4:1                ; 3 bits    ; 6 LEs         ; 0 LEs                ; 6 LEs                  ; Yes        ; |morpion|colr5[3]          ;
; 5:1                ; 6 bits    ; 18 LEs        ; 12 LEs               ; 6 LEs                  ; No         ; |morpion|Mux13             ;
; 10:1               ; 6 bits    ; 36 LEs        ; 30 LEs               ; 6 LEs                  ; No         ; |morpion|Mux3              ;
+--------------------+-----------+---------------+----------------------+------------------------+------------+----------------------------+


+-------------------------------+
; Analysis & Synthesis Messages ;
+-------------------------------+
Info: *******************************************************************
Info: Running Quartus Prime Analysis & Synthesis
    Info: Version 20.1.0 Build 711 06/05/2020 SJ Lite Edition
    Info: Processing started: Mon May 10 15:36:17 2021
Info: Command: quartus_map --read_settings_files=on --write_settings_files=off Morpion -c Morpion
Warning (18236): Number of processors has not been specified which may cause overloading on shared machines.  Set the global assignment NUM_PARALLEL_PROCESSORS in your QSF to an appropriate value for best performance.
Info (20030): Parallel compilation is enabled and will use 4 of the 4 processors detected
Info (12021): Found 2 design units, including 1 entities, in source file morpion.vhd
    Info (12022): Found design unit 1: morpion-rtl File: D:/OneDrive/Documents/Inge_bac_2/Digital Elec/Projet/Morpion/Morpion.vhd Line: 23
    Info (12023): Found entity 1: morpion File: D:/OneDrive/Documents/Inge_bac_2/Digital Elec/Projet/Morpion/Morpion.vhd Line: 5
Info (12127): Elaborating entity "Morpion" for the top level hierarchy
Warning (10540): VHDL Signal Declaration warning at Morpion.vhd(32): used explicit default value for signal "colr1" because signal was never assigned a value File: D:/OneDrive/Documents/Inge_bac_2/Digital Elec/Projet/Morpion/Morpion.vhd Line: 32
Warning (10540): VHDL Signal Declaration warning at Morpion.vhd(33): used explicit default value for signal "colr2" because signal was never assigned a value File: D:/OneDrive/Documents/Inge_bac_2/Digital Elec/Projet/Morpion/Morpion.vhd Line: 33
Warning (10540): VHDL Signal Declaration warning at Morpion.vhd(37): used explicit default value for signal "colr6" because signal was never assigned a value File: D:/OneDrive/Documents/Inge_bac_2/Digital Elec/Projet/Morpion/Morpion.vhd Line: 37
Warning (10540): VHDL Signal Declaration warning at Morpion.vhd(38): used explicit default value for signal "colr7" because signal was never assigned a value File: D:/OneDrive/Documents/Inge_bac_2/Digital Elec/Projet/Morpion/Morpion.vhd Line: 38
Warning (10540): VHDL Signal Declaration warning at Morpion.vhd(39): used explicit default value for signal "colg1" because signal was never assigned a value File: D:/OneDrive/Documents/Inge_bac_2/Digital Elec/Projet/Morpion/Morpion.vhd Line: 39
Warning (10540): VHDL Signal Declaration warning at Morpion.vhd(40): used explicit default value for signal "colg2" because signal was never assigned a value File: D:/OneDrive/Documents/Inge_bac_2/Digital Elec/Projet/Morpion/Morpion.vhd Line: 40
Warning (10540): VHDL Signal Declaration warning at Morpion.vhd(44): used explicit default value for signal "colg6" because signal was never assigned a value File: D:/OneDrive/Documents/Inge_bac_2/Digital Elec/Projet/Morpion/Morpion.vhd Line: 44
Warning (10540): VHDL Signal Declaration warning at Morpion.vhd(45): used explicit default value for signal "colg7" because signal was never assigned a value File: D:/OneDrive/Documents/Inge_bac_2/Digital Elec/Projet/Morpion/Morpion.vhd Line: 45
Warning (10036): Verilog HDL or VHDL warning at Morpion.vhd(49): object "rst_boolean" assigned a value but never read File: D:/OneDrive/Documents/Inge_bac_2/Digital Elec/Projet/Morpion/Morpion.vhd Line: 49
Warning (10492): VHDL Process Statement warning at Morpion.vhd(75): signal "colr1" is read inside the Process Statement but isn't in the Process Statement's sensitivity list File: D:/OneDrive/Documents/Inge_bac_2/Digital Elec/Projet/Morpion/Morpion.vhd Line: 75
Warning (10492): VHDL Process Statement warning at Morpion.vhd(76): signal "colg1" is read inside the Process Statement but isn't in the Process Statement's sensitivity list File: D:/OneDrive/Documents/Inge_bac_2/Digital Elec/Projet/Morpion/Morpion.vhd Line: 76
Warning (10492): VHDL Process Statement warning at Morpion.vhd(78): signal "colr2" is read inside the Process Statement but isn't in the Process Statement's sensitivity list File: D:/OneDrive/Documents/Inge_bac_2/Digital Elec/Projet/Morpion/Morpion.vhd Line: 78
Warning (10492): VHDL Process Statement warning at Morpion.vhd(79): signal "colg2" is read inside the Process Statement but isn't in the Process Statement's sensitivity list File: D:/OneDrive/Documents/Inge_bac_2/Digital Elec/Projet/Morpion/Morpion.vhd Line: 79
Warning (10492): VHDL Process Statement warning at Morpion.vhd(81): signal "colr3" is read inside the Process Statement but isn't in the Process Statement's sensitivity list File: D:/OneDrive/Documents/Inge_bac_2/Digital Elec/Projet/Morpion/Morpion.vhd Line: 81
Warning (10492): VHDL Process Statement warning at Morpion.vhd(82): signal "colg3" is read inside the Process Statement but isn't in the Process Statement's sensitivity list File: D:/OneDrive/Documents/Inge_bac_2/Digital Elec/Projet/Morpion/Morpion.vhd Line: 82
Warning (10492): VHDL Process Statement warning at Morpion.vhd(83): signal "playerCol" is read inside the Process Statement but isn't in the Process Statement's sensitivity list File: D:/OneDrive/Documents/Inge_bac_2/Digital Elec/Projet/Morpion/Morpion.vhd Line: 83
Warning (10492): VHDL Process Statement warning at Morpion.vhd(84): signal "playerRow" is read inside the Process Statement but isn't in the Process Statement's sensitivity list File: D:/OneDrive/Documents/Inge_bac_2/Digital Elec/Projet/Morpion/Morpion.vhd Line: 84
Warning (10492): VHDL Process Statement warning at Morpion.vhd(85): signal "playerRow" is read inside the Process Statement but isn't in the Process Statement's sensitivity list File: D:/OneDrive/Documents/Inge_bac_2/Digital Elec/Projet/Morpion/Morpion.vhd Line: 85
Warning (10492): VHDL Process Statement warning at Morpion.vhd(88): signal "colr4" is read inside the Process Statement but isn't in the Process Statement's sensitivity list File: D:/OneDrive/Documents/Inge_bac_2/Digital Elec/Projet/Morpion/Morpion.vhd Line: 88
Warning (10492): VHDL Process Statement warning at Morpion.vhd(89): signal "colg4" is read inside the Process Statement but isn't in the Process Statement's sensitivity list File: D:/OneDrive/Documents/Inge_bac_2/Digital Elec/Projet/Morpion/Morpion.vhd Line: 89
Warning (10492): VHDL Process Statement warning at Morpion.vhd(90): signal "playerCol" is read inside the Process Statement but isn't in the Process Statement's sensitivity list File: D:/OneDrive/Documents/Inge_bac_2/Digital Elec/Projet/Morpion/Morpion.vhd Line: 90
Warning (10492): VHDL Process Statement warning at Morpion.vhd(91): signal "playerRow" is read inside the Process Statement but isn't in the Process Statement's sensitivity list File: D:/OneDrive/Documents/Inge_bac_2/Digital Elec/Projet/Morpion/Morpion.vhd Line: 91
Warning (10492): VHDL Process Statement warning at Morpion.vhd(92): signal "playerRow" is read inside the Process Statement but isn't in the Process Statement's sensitivity list File: D:/OneDrive/Documents/Inge_bac_2/Digital Elec/Projet/Morpion/Morpion.vhd Line: 92
Warning (10492): VHDL Process Statement warning at Morpion.vhd(95): signal "colr5" is read inside the Process Statement but isn't in the Process Statement's sensitivity list File: D:/OneDrive/Documents/Inge_bac_2/Digital Elec/Projet/Morpion/Morpion.vhd Line: 95
Warning (10492): VHDL Process Statement warning at Morpion.vhd(96): signal "colg5" is read inside the Process Statement but isn't in the Process Statement's sensitivity list File: D:/OneDrive/Documents/Inge_bac_2/Digital Elec/Projet/Morpion/Morpion.vhd Line: 96
Warning (10492): VHDL Process Statement warning at Morpion.vhd(97): signal "playerCol" is read inside the Process Statement but isn't in the Process Statement's sensitivity list File: D:/OneDrive/Documents/Inge_bac_2/Digital Elec/Projet/Morpion/Morpion.vhd Line: 97
Warning (10492): VHDL Process Statement warning at Morpion.vhd(98): signal "playerRow" is read inside the Process Statement but isn't in the Process Statement's sensitivity list File: D:/OneDrive/Documents/Inge_bac_2/Digital Elec/Projet/Morpion/Morpion.vhd Line: 98
Warning (10492): VHDL Process Statement warning at Morpion.vhd(99): signal "playerRow" is read inside the Process Statement but isn't in the Process Statement's sensitivity list File: D:/OneDrive/Documents/Inge_bac_2/Digital Elec/Projet/Morpion/Morpion.vhd Line: 99
Warning (10492): VHDL Process Statement warning at Morpion.vhd(102): signal "colr6" is read inside the Process Statement but isn't in the Process Statement's sensitivity list File: D:/OneDrive/Documents/Inge_bac_2/Digital Elec/Projet/Morpion/Morpion.vhd Line: 102
Warning (10492): VHDL Process Statement warning at Morpion.vhd(103): signal "colg6" is read inside the Process Statement but isn't in the Process Statement's sensitivity list File: D:/OneDrive/Documents/Inge_bac_2/Digital Elec/Projet/Morpion/Morpion.vhd Line: 103
Warning (10492): VHDL Process Statement warning at Morpion.vhd(105): signal "colr7" is read inside the Process Statement but isn't in the Process Statement's sensitivity list File: D:/OneDrive/Documents/Inge_bac_2/Digital Elec/Projet/Morpion/Morpion.vhd Line: 105
Warning (10492): VHDL Process Statement warning at Morpion.vhd(106): signal "colg7" is read inside the Process Statement but isn't in the Process Statement's sensitivity list File: D:/OneDrive/Documents/Inge_bac_2/Digital Elec/Projet/Morpion/Morpion.vhd Line: 106
Warning (10631): VHDL Process Statement warning at Morpion.vhd(204): inferring latch(es) for signal or variable "green_led", which holds its previous value in one or more paths through the process File: D:/OneDrive/Documents/Inge_bac_2/Digital Elec/Projet/Morpion/Morpion.vhd Line: 204
Warning (10631): VHDL Process Statement warning at Morpion.vhd(204): inferring latch(es) for signal or variable "red_led", which holds its previous value in one or more paths through the process File: D:/OneDrive/Documents/Inge_bac_2/Digital Elec/Projet/Morpion/Morpion.vhd Line: 204
Info (10041): Inferred latch for "red_led" at Morpion.vhd(204) File: D:/OneDrive/Documents/Inge_bac_2/Digital Elec/Projet/Morpion/Morpion.vhd Line: 204
Info (10041): Inferred latch for "green_led" at Morpion.vhd(204) File: D:/OneDrive/Documents/Inge_bac_2/Digital Elec/Projet/Morpion/Morpion.vhd Line: 204
Warning (21074): Design contains 1 input pin(s) that do not drive logic
    Warning (15610): No output dependent on input pin "rst" File: D:/OneDrive/Documents/Inge_bac_2/Digital Elec/Projet/Morpion/Morpion.vhd Line: 9
Info (21057): Implemented 140 device resources after synthesis - the final resource count might be different
    Info (21058): Implemented 5 input pins
    Info (21059): Implemented 19 output pins
    Info (21061): Implemented 116 logic cells
Info: Quartus Prime Analysis & Synthesis was successful. 0 errors, 37 warnings
    Info: Peak virtual memory: 4758 megabytes
    Info: Processing ended: Mon May 10 15:36:33 2021
    Info: Elapsed time: 00:00:16
    Info: Total CPU time (on all processors): 00:00:42


